Release 14.7 - xst P.20131013 (nt64)
Copyright (c) 1995-2013 Xilinx, Inc.  All rights reserved.
--> Parameter TMPDIR set to xst/projnav.tmp


Total REAL time to Xst completion: 0.00 secs
Total CPU time to Xst completion: 0.09 secs
 
--> Parameter xsthdpdir set to xst


Total REAL time to Xst completion: 0.00 secs
Total CPU time to Xst completion: 0.09 secs
 
--> Reading design: SUPER_LICZNIK.prj

TABLE OF CONTENTS
  1) Synthesis Options Summary
  2) HDL Compilation
  3) Design Hierarchy Analysis
  4) HDL Analysis
  5) HDL Synthesis
     5.1) HDL Synthesis Report
  6) Advanced HDL Synthesis
     6.1) Advanced HDL Synthesis Report
  7) Low Level Synthesis
  8) Partition Report
  9) Final Report
	9.1) Device utilization summary
	9.2) Partition Resource Summary
	9.3) TIMING REPORT


=========================================================================
*                      Synthesis Options Summary                        *
=========================================================================
---- Source Parameters
Input File Name                    : "SUPER_LICZNIK.prj"
Input Format                       : mixed
Ignore Synthesis Constraint File   : NO

---- Target Parameters
Output File Name                   : "SUPER_LICZNIK"
Output Format                      : NGC
Target Device                      : xc3s500e-4-fg320

---- Source Options
Top Module Name                    : SUPER_LICZNIK
Automatic FSM Extraction           : YES
FSM Encoding Algorithm             : Auto
Safe Implementation                : No
FSM Style                          : LUT
RAM Extraction                     : Yes
RAM Style                          : Auto
ROM Extraction                     : Yes
Mux Style                          : Auto
Decoder Extraction                 : YES
Priority Encoder Extraction        : Yes
Shift Register Extraction          : YES
Logical Shifter Extraction         : YES
XOR Collapsing                     : YES
ROM Style                          : Auto
Mux Extraction                     : Yes
Resource Sharing                   : YES
Asynchronous To Synchronous        : NO
Multiplier Style                   : Auto
Automatic Register Balancing       : No

---- Target Options
Add IO Buffers                     : YES
Global Maximum Fanout              : 500
Add Generic Clock Buffer(BUFG)     : 24
Register Duplication               : YES
Slice Packing                      : YES
Optimize Instantiated Primitives   : NO
Use Clock Enable                   : Yes
Use Synchronous Set                : Yes
Use Synchronous Reset              : Yes
Pack IO Registers into IOBs        : Auto
Equivalent register Removal        : YES

---- General Options
Optimization Goal                  : Speed
Optimization Effort                : 1
Keep Hierarchy                     : No
Netlist Hierarchy                  : As_Optimized
RTL Output                         : Yes
Global Optimization                : AllClockNets
Read Cores                         : YES
Write Timing Constraints           : NO
Cross Clock Analysis               : NO
Hierarchy Separator                : /
Bus Delimiter                      : <>
Case Specifier                     : Maintain
Slice Utilization Ratio            : 100
BRAM Utilization Ratio             : 100
Verilog 2001                       : YES
Auto BRAM Packing                  : NO
Slice Utilization Ratio Delta      : 5

=========================================================================


=========================================================================
*                          HDL Compilation                              *
=========================================================================
Compiling vhdl file "C:/Users/lab/lab7_v2/LICZNIK.vhd" in Library work.
Architecture behavioral of Entity licznik is up to date.
Compiling vhdl file "C:/Users/lab/lab7_v2/RECEIVER.vhf" in Library work.
Architecture behavioral of Entity receiver is up to date.
Compiling vhdl file "C:/Users/lab/lab7_v2/DISPLAY.vhf" in Library work.
Architecture behavioral of Entity display is up to date.
Compiling vhdl file "C:/Users/lab/lab7_v2/FREQ_DIV.vhd" in Library work.
Architecture behavioral of Entity freq_div is up to date.
Compiling vhdl file "C:/Users/lab/lab7_v2/SUPER_LICZNIK.vhd" in Library work.
Architecture structural of Entity super_licznik is up to date.

=========================================================================
*                     Design Hierarchy Analysis                         *
=========================================================================
Analyzing hierarchy for entity <SUPER_LICZNIK> in library <work> (architecture <structural>).

Analyzing hierarchy for entity <LICZNIK> in library <work> (architecture <behavioral>).

Analyzing hierarchy for entity <RECEIVER> in library <work> (architecture <behavioral>).

Analyzing hierarchy for entity <DISPLAY> in library <work> (architecture <behavioral>).

Analyzing hierarchy for entity <FREQ_DIV> in library <work> (architecture <behavioral>).


=========================================================================
*                            HDL Analysis                               *
=========================================================================
Analyzing Entity <SUPER_LICZNIK> in library <work> (Architecture <structural>).
WARNING:Xst:753 - "C:/Users/lab/lab7_v2/SUPER_LICZNIK.vhd" line 94: Unconnected output port 'trans_busy' of component 'RECEIVER'.
Entity <SUPER_LICZNIK> analyzed. Unit <SUPER_LICZNIK> generated.

Analyzing Entity <LICZNIK> in library <work> (Architecture <behavioral>).
Entity <LICZNIK> analyzed. Unit <LICZNIK> generated.

Analyzing Entity <RECEIVER> in library <work> (Architecture <behavioral>).
WARNING:Xst:2211 - "C:/Users/lab/lab7_v2/RECEIVER.vhf" line 55: Instantiating black box module <RS232>.
Entity <RECEIVER> analyzed. Unit <RECEIVER> generated.

Analyzing Entity <DISPLAY> in library <work> (Architecture <behavioral>).
WARNING:Xst:2211 - "C:/Users/lab/lab7_v2/DISPLAY.vhf" line 54: Instantiating black box module <LCD1x64>.
Entity <DISPLAY> analyzed. Unit <DISPLAY> generated.

Analyzing Entity <FREQ_DIV> in library <work> (Architecture <behavioral>).
Entity <FREQ_DIV> analyzed. Unit <FREQ_DIV> generated.


=========================================================================
*                           HDL Synthesis                               *
=========================================================================

Performing bidirectional port resolution...

Synthesizing Unit <LICZNIK>.
    Related source file is "C:/Users/lab/lab7_v2/LICZNIK.vhd".
WARNING:Xst:737 - Found 1-bit latch for signal <is_counting>. Latches may be generated from incomplete case or if statements. We do not recommend the use of latches in FPGA/CPLD designs, as they may lead to timing problems.
    Found 8-bit updown counter for signal <counter>.
    Found 1-bit register for signal <up>.
    Summary:
	inferred   1 Counter(s).
	inferred   1 D-type flip-flop(s).
Unit <LICZNIK> synthesized.


Synthesizing Unit <FREQ_DIV>.
    Related source file is "C:/Users/lab/lab7_v2/FREQ_DIV.vhd".
    Found 26-bit up counter for signal <counter>.
    Found 1-bit register for signal <output>.
    Summary:
	inferred   1 Counter(s).
	inferred   1 D-type flip-flop(s).
Unit <FREQ_DIV> synthesized.


Synthesizing Unit <RECEIVER>.
    Related source file is "C:/Users/lab/lab7_v2/RECEIVER.vhf".
Unit <RECEIVER> synthesized.


Synthesizing Unit <DISPLAY>.
    Related source file is "C:/Users/lab/lab7_v2/DISPLAY.vhf".
Unit <DISPLAY> synthesized.


Synthesizing Unit <SUPER_LICZNIK>.
    Related source file is "C:/Users/lab/lab7_v2/SUPER_LICZNIK.vhd".
WARNING:Xst:653 - Signal <zero> is used but never assigned. This sourceless signal will be automatically connected to value 0.
WARNING:Xst:653 - Signal <tdi_mask> is used but never assigned. This sourceless signal will be automatically connected to value 00000000.
WARNING:Xst:653 - Signal <padding_bits> is used but never assigned. This sourceless signal will be automatically connected to value 00000000000000000000000000000000000000000000000000000000.
WARNING:Xst:653 - Signal <blank_mask> is used but never assigned. This sourceless signal will be automatically connected to value 1111111111111100.
Unit <SUPER_LICZNIK> synthesized.


=========================================================================
HDL Synthesis Report

Macro Statistics
# Counters                                             : 2
 26-bit up counter                                     : 1
 8-bit updown counter                                  : 1
# Registers                                            : 2
 1-bit register                                        : 2
# Latches                                              : 1
 1-bit latch                                           : 1

=========================================================================

=========================================================================
*                       Advanced HDL Synthesis                          *
=========================================================================

Reading core <RS232.ngc>.
Reading core <LCD1x64.ngc>.
Loading core <RS232> for timing and area information for instance <XLXI_1>.
Loading core <LCD1x64> for timing and area information for instance <XLXI_1>.

=========================================================================
Advanced HDL Synthesis Report

Macro Statistics
# Counters                                             : 2
 26-bit up counter                                     : 1
 8-bit updown counter                                  : 1
# Registers                                            : 2
 Flip-Flops                                            : 2
# Latches                                              : 1
 1-bit latch                                           : 1

=========================================================================

=========================================================================
*                         Low Level Synthesis                           *
=========================================================================

Optimizing unit <SUPER_LICZNIK> ...

Mapping all equations...
Building and optimizing final netlist ...
Found area constraint ratio of 100 (+ 5) on block SUPER_LICZNIK, actual ratio is 3.
INFO:Xst:2260 - The FF/Latch <cntDigit_0> in Unit <sterownik_wyswietlacza/XLXI_1> is equivalent to the following 4 FFs/Latches : <cntDigit_0_1> <cntDigit_0_2> <cntDigit_0_3> <cntDigit_0_4> 
INFO:Xst:2260 - The FF/Latch <cntDigit_1> in Unit <sterownik_wyswietlacza/XLXI_1> is equivalent to the following 2 FFs/Latches : <cntDigit_1_1> <cntDigit_1_2> 
INFO:Xst:2260 - The FF/Latch <State_16> in Unit <sterownik_wyswietlacza/XLXI_1> is equivalent to the following FF/Latch : <State_16_1> 
INFO:Xst:2260 - The FF/Latch <cntDigit_0> in Unit <sterownik_wyswietlacza/XLXI_1> is equivalent to the following 4 FFs/Latches : <cntDigit_0_1> <cntDigit_0_2> <cntDigit_0_3> <cntDigit_0_4> 
INFO:Xst:2260 - The FF/Latch <cntDigit_1> in Unit <sterownik_wyswietlacza/XLXI_1> is equivalent to the following 2 FFs/Latches : <cntDigit_1_1> <cntDigit_1_2> 
INFO:Xst:2260 - The FF/Latch <State_16> in Unit <sterownik_wyswietlacza/XLXI_1> is equivalent to the following FF/Latch : <State_16_1> 

Final Macro Processing ...

=========================================================================
Final Register Report

Macro Statistics
# Registers                                            : 36
 Flip-Flops                                            : 36

=========================================================================

=========================================================================
*                           Partition Report                            *
=========================================================================

Partition Implementation Status
-------------------------------

  No Partitions were found in this design.

-------------------------------

=========================================================================
*                            Final Report                               *
=========================================================================
Final Results
RTL Top Level Output File Name     : SUPER_LICZNIK.ngr
Top Level Output File Name         : SUPER_LICZNIK
Output Format                      : NGC
Optimization Goal                  : Speed
Keep Hierarchy                     : No

Design Statistics
# IOs                              : 13

Cell Usage :
# BELS                             : 504
#      GND                         : 3
#      INV                         : 13
#      LUT1                        : 67
#      LUT2                        : 51
#      LUT2_L                      : 5
#      LUT3                        : 86
#      LUT3_D                      : 1
#      LUT3_L                      : 4
#      LUT4                        : 64
#      LUT4_D                      : 7
#      LUT4_L                      : 15
#      MUXCY                       : 74
#      MUXF5                       : 25
#      MUXF6                       : 10
#      MUXF7                       : 5
#      VCC                         : 3
#      XORCY                       : 71
# FlipFlops/Latches                : 199
#      FD                          : 33
#      FDCPE                       : 8
#      FDE                         : 47
#      FDR                         : 70
#      FDRE                        : 14
#      FDRS                        : 11
#      FDRSE                       : 4
#      FDS                         : 11
#      LDC                         : 1
# Clock Buffers                    : 2
#      BUFGP                       : 2
# IO Buffers                       : 11
#      IBUF                        : 2
#      IOBUF                       : 4
#      OBUF                        : 5
=========================================================================

Device utilization summary:
---------------------------

Selected Device : 3s500efg320-4 

 Number of Slices:                      184  out of   4656     3%  
 Number of Slice Flip Flops:            199  out of   9312     2%  
 Number of 4 input LUTs:                313  out of   9312     3%  
 Number of IOs:                          13
 Number of bonded IOBs:                  13  out of    232     5%  
 Number of GCLKs:                         2  out of     24     8%  

---------------------------
Partition Resource Summary:
---------------------------

  No Partitions were found in this design.

---------------------------


=========================================================================
TIMING REPORT

NOTE: THESE TIMING NUMBERS ARE ONLY A SYNTHESIS ESTIMATE.
      FOR ACCURATE TIMING INFORMATION PLEASE REFER TO THE TRACE REPORT
      GENERATED AFTER PLACE-and-ROUTE.

Clock Information:
------------------
-------------------------------------------------------------------------------+-----------------------------------+-------+
Clock Signal                                                                   | Clock buffer(FF name)             | Load  |
-------------------------------------------------------------------------------+-----------------------------------+-------+
CLK_50                                                                         | BUFGP                             | 189   |
port_szeregowy/XLXI_1/RxRdy(port_szeregowy/XLXI_1/ResRxRdy/Mxor_DOut_Result1:O)| NONE(*)(licznik_rdzen/is_counting)| 1     |
frequency_divider/output                                                       | NONE(licznik_rdzen/counter_7)     | 8     |
CHANGE_DIR                                                                     | BUFGP                             | 1     |
-------------------------------------------------------------------------------+-----------------------------------+-------+
(*) This 1 clock signal(s) are generated by combinatorial logic,
and XST is not able to identify which are the primary clock signals.
Please use the CLOCK_SIGNAL constraint to specify the clock signal(s) generated by combinatorial logic.
INFO:Xst:2169 - HDL ADVISOR - Some clock signals were not automatically buffered by XST with BUFG/BUFR resources. Please use the buffer_type constraint in order to insert these buffers to the clock signals to help prevent skew problems.

Asynchronous Control Signals Information:
----------------------------------------
---------------------------------------------------------------------+------------------------------+-------+
Control Signal                                                       | Buffer(FF name)              | Load  |
---------------------------------------------------------------------+------------------------------+-------+
RESET                                                                | IBUF                         | 1     |
licznik_rdzen/counter_0__and0000(licznik_rdzen/counter_0__and00001:O)| NONE(licznik_rdzen/counter_0)| 1     |
licznik_rdzen/counter_0__or0000(licznik_rdzen/counter_0__or00001:O)  | NONE(licznik_rdzen/counter_0)| 1     |
licznik_rdzen/counter_1__and0000(licznik_rdzen/counter_1__and00001:O)| NONE(licznik_rdzen/counter_1)| 1     |
licznik_rdzen/counter_1__or0000(licznik_rdzen/counter_1__or00001:O)  | NONE(licznik_rdzen/counter_1)| 1     |
licznik_rdzen/counter_2__and0000(licznik_rdzen/counter_2__and00001:O)| NONE(licznik_rdzen/counter_2)| 1     |
licznik_rdzen/counter_2__or0000(licznik_rdzen/counter_2__or00001:O)  | NONE(licznik_rdzen/counter_2)| 1     |
licznik_rdzen/counter_3__and0000(licznik_rdzen/counter_3__and00001:O)| NONE(licznik_rdzen/counter_3)| 1     |
licznik_rdzen/counter_3__or0000(licznik_rdzen/counter_3__or00001:O)  | NONE(licznik_rdzen/counter_3)| 1     |
licznik_rdzen/counter_4__and0000(licznik_rdzen/counter_4__and00001:O)| NONE(licznik_rdzen/counter_4)| 1     |
licznik_rdzen/counter_4__or0000(licznik_rdzen/counter_4__or00001:O)  | NONE(licznik_rdzen/counter_4)| 1     |
licznik_rdzen/counter_5__and0000(licznik_rdzen/counter_5__and00001:O)| NONE(licznik_rdzen/counter_5)| 1     |
licznik_rdzen/counter_5__or0000(licznik_rdzen/counter_5__or00001:O)  | NONE(licznik_rdzen/counter_5)| 1     |
licznik_rdzen/counter_6__and0000(licznik_rdzen/counter_6__and00001:O)| NONE(licznik_rdzen/counter_6)| 1     |
licznik_rdzen/counter_6__or0000(licznik_rdzen/counter_6__or00001:O)  | NONE(licznik_rdzen/counter_6)| 1     |
licznik_rdzen/counter_7__and0000(licznik_rdzen/counter_7__and00001:O)| NONE(licznik_rdzen/counter_7)| 1     |
licznik_rdzen/counter_7__or0000(licznik_rdzen/counter_7__or00001:O)  | NONE(licznik_rdzen/counter_7)| 1     |
---------------------------------------------------------------------+------------------------------+-------+

Timing Summary:
---------------
Speed Grade: -4

   Minimum period: 6.559ns (Maximum Frequency: 152.462MHz)
   Minimum input arrival time before clock: 4.696ns
   Maximum output required time after clock: 5.998ns
   Maximum combinational path delay: No path found

Timing Detail:
--------------
All values displayed in nanoseconds (ns)

=========================================================================
Timing constraint: Default period analysis for Clock 'CLK_50'
  Clock period: 6.559ns (frequency: 152.462MHz)
  Total number of paths / destination ports: 2824 / 320
-------------------------------------------------------------------------
Delay:               6.559ns (Levels of Logic = 6)
  Source:            sterownik_wyswietlacza/XLXI_1/cntDigit_0_1 (FF)
  Destination:       sterownik_wyswietlacza/XLXI_1/regDI_0 (FF)
  Source Clock:      CLK_50 rising
  Destination Clock: CLK_50 rising

  Data Path: sterownik_wyswietlacza/XLXI_1/cntDigit_0_1 to sterownik_wyswietlacza/XLXI_1/regDI_0
                                Gate     Net
    Cell:in->out      fanout   Delay   Delay  Logical Name (Net Name)
    ----------------------------------------  ------------
     FDE:C->Q             10   0.591   0.917  cntDigit_0_1 (cntDigit_01)
     LUT3:I2->O            1   0.704   0.000  Mmux_Digit_83 (Mmux_Digit_83)
     MUXF5:I0->O           1   0.321   0.000  Mmux_Digit_6_f5_2 (Mmux_Digit_6_f53)
     MUXF6:I0->O           1   0.521   0.000  Mmux_Digit_4_f6_2 (Mmux_Digit_4_f63)
     MUXF7:I0->O           6   0.521   0.844  Mmux_Digit_2_f7_2 (Digit<3>)
     LUT3_D:I0->O          1   0.704   0.424  Hex2ASCII<4>1 (Hex2ASCII<4>)
     LUT4:I3->O            1   0.704   0.000  regDI_mux0001<7>1111 (regDI_mux0001<7>111)
     FDS:D                     0.308          regDI_0
    ----------------------------------------
    Total                      6.559ns (4.374ns logic, 2.185ns route)
                                       (66.7% logic, 33.3% route)

=========================================================================
Timing constraint: Default period analysis for Clock 'frequency_divider/output'
  Clock period: 5.078ns (frequency: 196.928MHz)
  Total number of paths / destination ports: 44 / 8
-------------------------------------------------------------------------
Delay:               5.078ns (Levels of Logic = 4)
  Source:            licznik_rdzen/counter_0 (FF)
  Destination:       licznik_rdzen/counter_7 (FF)
  Source Clock:      frequency_divider/output rising
  Destination Clock: frequency_divider/output rising

  Data Path: licznik_rdzen/counter_0 to licznik_rdzen/counter_7
                                Gate     Net
    Cell:in->out      fanout   Delay   Delay  Logical Name (Net Name)
    ----------------------------------------  ------------
     FDCPE:C->Q            6   0.591   0.673  licznik_rdzen/counter_0 (licznik_rdzen/counter_0)
     LUT4_D:I3->LO         1   0.704   0.135  licznik_rdzen/counter_Maddsub__addsub0000_cy<3>11_SW0 (N27)
     LUT3:I2->O            2   0.704   0.451  licznik_rdzen/counter_Maddsub__addsub0000_cy<3>11 (licznik_rdzen/counter_Maddsub__addsub0000_cy<3>)
     LUT4_L:I3->LO         1   0.704   0.104  licznik_rdzen/counter_Q_mux0000<7>_SW0 (N01)
     LUT4:I3->O            1   0.704   0.000  licznik_rdzen/counter_Q_mux0000<7> (licznik_rdzen/counter_Q_mux0000<7>)
     FDCPE:D                   0.308          licznik_rdzen/counter_7
    ----------------------------------------
    Total                      5.078ns (3.715ns logic, 1.363ns route)
                                       (73.2% logic, 26.8% route)

=========================================================================
Timing constraint: Default period analysis for Clock 'CHANGE_DIR'
  Clock period: 2.536ns (frequency: 394.322MHz)
  Total number of paths / destination ports: 1 / 1
-------------------------------------------------------------------------
Delay:               2.536ns (Levels of Logic = 0)
  Source:            licznik_rdzen/up (FF)
  Destination:       licznik_rdzen/up (FF)
  Source Clock:      CHANGE_DIR rising
  Destination Clock: CHANGE_DIR rising

  Data Path: licznik_rdzen/up to licznik_rdzen/up
                                Gate     Net
    Cell:in->out      fanout   Delay   Delay  Logical Name (Net Name)
    ----------------------------------------  ------------
     FDR:C->Q             16   0.591   1.034  licznik_rdzen/up (licznik_rdzen/up)
     FDR:R                     0.911          licznik_rdzen/up
    ----------------------------------------
    Total                      2.536ns (1.502ns logic, 1.034ns route)
                                       (59.2% logic, 40.8% route)

=========================================================================
Timing constraint: Default OFFSET IN BEFORE for Clock 'CLK_50'
  Total number of paths / destination ports: 45 / 44
-------------------------------------------------------------------------
Offset:              4.696ns (Levels of Logic = 3)
  Source:            RESET (PAD)
  Destination:       port_szeregowy/XLXI_1/iRxBusy (FF)
  Destination Clock: CLK_50 rising

  Data Path: RESET to port_szeregowy/XLXI_1/iRxBusy
                                Gate     Net
    Cell:in->out      fanout   Delay   Delay  Logical Name (Net Name)
    ----------------------------------------  ------------
     IBUF:I->O            51   1.218   1.443  RESET_IBUF (RESET_IBUF)
     begin scope: 'port_szeregowy/XLXI_1'
     LUT4:I0->O            1   0.704   0.420  iRxBusy_or0000 (iRxBusy_or0000)
     FDRE:R                    0.911          iRxBusy
    ----------------------------------------
    Total                      4.696ns (2.833ns logic, 1.863ns route)
                                       (60.3% logic, 39.7% route)

=========================================================================
Timing constraint: Default OFFSET OUT AFTER for Clock 'CLK_50'
  Total number of paths / destination ports: 27 / 8
-------------------------------------------------------------------------
Offset:              5.998ns (Levels of Logic = 3)
  Source:            sterownik_wyswietlacza/XLXI_1/State_20 (FF)
  Destination:       lcd_rw (PAD)
  Source Clock:      CLK_50 rising

  Data Path: sterownik_wyswietlacza/XLXI_1/State_20 to lcd_rw
                                Gate     Net
    Cell:in->out      fanout   Delay   Delay  Logical Name (Net Name)
    ----------------------------------------  ------------
     FDRSE:C->Q            4   0.591   0.762  State_20 (State<20>)
     LUT2:I0->O            6   0.704   0.669  T_or00001 (LCD_RW)
     end scope: 'sterownik_wyswietlacza/XLXI_1'
     OBUF:I->O                 3.272          lcd_rw_OBUF (lcd_rw)
    ----------------------------------------
    Total                      5.998ns (4.567ns logic, 1.431ns route)
                                       (76.1% logic, 23.9% route)

=========================================================================


Total REAL time to Xst completion: 5.00 secs
Total CPU time to Xst completion: 5.20 secs
 
--> 

Total memory usage is 4531892 kilobytes

Number of errors   :    0 (   0 filtered)
Number of warnings :    8 (   0 filtered)
Number of infos    :    7 (   0 filtered)

